
R version 4.0.3 (2020-10-10) -- "Bunny-Wunnies Freak Out"
Copyright (C) 2020 The R Foundation for Statistical Computing
Platform: x86_64-conda-linux-gnu (64-bit)

R is free software and comes with ABSOLUTELY NO WARRANTY.
You are welcome to redistribute it under certain conditions.
Type 'license()' or 'licence()' for distribution details.

  Natural language support but running in an English locale

R is a collaborative project with many contributors.
Type 'contributors()' for more information and
'citation()' on how to cite R or R packages in publications.

Type 'demo()' for some demos, 'help()' for on-line help, or
'help.start()' for an HTML browser interface to help.
Type 'q()' to quit R.

> pkgname <- "Rbec"
> source(file.path(R.home("share"), "R", "examples-header.R"))
> options(warn = 1)
> library('Rbec')
> 
> base::assign(".oldSearch", base::search(), pos = 'CheckExEnv')
> base::assign(".old_wd", base::getwd(), pos = 'CheckExEnv')
> cleanEx()
> nameEx("Rbec")
> ### * Rbec
> 
> flush(stderr()); flush(stdout())
> 
> ### Name: Rbec
> ### Title: Reference-based error correction of amplicon sequencing data
> ### Aliases: Rbec
> 
> ### ** Examples
> 
> fastq <- system.file("extdata", "test_raw_merged_reads.fastq.gz", package = "Rbec")
> 
> ref <- system.file("extdata", "test_ref.fasta", package = "Rbec")
> 
> Rbec(fastq=fastq, reference=ref, outdir="./", threads=1, sampling_size=500, ascii=33)
[1] "Finished finding the best reference sequences for each unique sequences."
Time difference of 3.12801 secs
[1] "Finished calculating the transition and error matrices."
Start 1 iterations
[1] 8852
[1] 29
[1] 0.003276096
The model reached consistency after 1 iteration(s)
Warning in dir.create(outdir) : '.' already exists
> 
> 
> 
> 
> ### * <FOOTER>
> ###
> cleanEx()
> options(digits = 7L)
> base::cat("Time elapsed: ", proc.time() - base::get("ptime", pos = 'CheckExEnv'),"\n")
Time elapsed:  34.559 0.857 35.811 0.002 0.004 
> grDevices::dev.off()
null device 
          1 
> ###
> ### Local variables: ***
> ### mode: outline-minor ***
> ### outline-regexp: "\\(> \\)?### [*]+" ***
> ### End: ***
> quit('no')
